// Jest Snapshot v1, https://goo.gl/fbAQLP

exports[`addCard renders correctly 1`] = `
ShallowWrapper {
  "length": 1,
  Symbol(enzyme.__root__): [Circular],
  Symbol(enzyme.__unrendered__): <AddCard
    addCard={[Function]}
    cancelCard={[Function]}
/>,
  Symbol(enzyme.__renderer__): Object {
    "batchedUpdates": [Function],
    "getNode": [Function],
    "render": [Function],
    "simulateEvent": [Function],
    "unmount": [Function],
  },
  Symbol(enzyme.__node__): Object {
    "instance": null,
    "key": undefined,
    "nodeType": "host",
    "props": Object {
      "children": <form
        className="new-card__form"
        onSubmit={[Function]}
>
        <textarea
                className="new-card__desc-input"
                name="cardName"
                onChange={[Function]}
                size="30"
                value=""
        />
        <button
                className="new-card__button button success small"
                type="submit"
        >
                Save
        </button>
        <button
                className="new-card__x"
                onClick={[Function]}
        >
                <svg
                        className="feather feather-x"
                        fill="none"
                        height="24"
                        stroke="currentColor"
                        strokeLinecap="round"
                        strokeLinejoin="round"
                        strokeWidth="2"
                        viewBox="0 0 24 24"
                        width="24"
                        xmlns="http://www.w3.org/2000/svg"
                >
                        <line
                                x1="18"
                                x2="6"
                                y1="6"
                                y2="18"
                        />
                        <line
                                x1="6"
                                x2="18"
                                y1="6"
                                y2="18"
                        />
                </svg>
        </button>
</form>,
    },
    "ref": null,
    "rendered": Object {
      "instance": null,
      "key": undefined,
      "nodeType": "host",
      "props": Object {
        "children": Array [
          <textarea
            className="new-card__desc-input"
            name="cardName"
            onChange={[Function]}
            size="30"
            value=""
/>,
          <button
            className="new-card__button button success small"
            type="submit"
>
            Save
</button>,
          <button
            className="new-card__x"
            onClick={[Function]}
>
            <svg
                        className="feather feather-x"
                        fill="none"
                        height="24"
                        stroke="currentColor"
                        strokeLinecap="round"
                        strokeLinejoin="round"
                        strokeWidth="2"
                        viewBox="0 0 24 24"
                        width="24"
                        xmlns="http://www.w3.org/2000/svg"
            >
                        <line
                                    x1="18"
                                    x2="6"
                                    y1="6"
                                    y2="18"
                        />
                        <line
                                    x1="6"
                                    x2="18"
                                    y1="6"
                                    y2="18"
                        />
            </svg>
</button>,
        ],
        "className": "new-card__form",
        "onSubmit": [Function],
      },
      "ref": null,
      "rendered": Array [
        Object {
          "instance": null,
          "key": undefined,
          "nodeType": "host",
          "props": Object {
            "className": "new-card__desc-input",
            "name": "cardName",
            "onChange": [Function],
            "size": "30",
            "value": "",
          },
          "ref": null,
          "rendered": null,
          "type": "textarea",
        },
        Object {
          "instance": null,
          "key": undefined,
          "nodeType": "host",
          "props": Object {
            "children": "Save",
            "className": "new-card__button button success small",
            "type": "submit",
          },
          "ref": null,
          "rendered": "Save",
          "type": "button",
        },
        Object {
          "instance": null,
          "key": undefined,
          "nodeType": "host",
          "props": Object {
            "children": <svg
              className="feather feather-x"
              fill="none"
              height="24"
              stroke="currentColor"
              strokeLinecap="round"
              strokeLinejoin="round"
              strokeWidth="2"
              viewBox="0 0 24 24"
              width="24"
              xmlns="http://www.w3.org/2000/svg"
>
              <line
                            x1="18"
                            x2="6"
                            y1="6"
                            y2="18"
              />
              <line
                            x1="6"
                            x2="18"
                            y1="6"
                            y2="18"
              />
</svg>,
            "className": "new-card__x",
            "onClick": [Function],
          },
          "ref": null,
          "rendered": Object {
            "instance": null,
            "key": undefined,
            "nodeType": "host",
            "props": Object {
              "children": Array [
                <line
                  x1="18"
                  x2="6"
                  y1="6"
                  y2="18"
/>,
                <line
                  x1="6"
                  x2="18"
                  y1="6"
                  y2="18"
/>,
              ],
              "className": "feather feather-x",
              "fill": "none",
              "height": "24",
              "stroke": "currentColor",
              "strokeLinecap": "round",
              "strokeLinejoin": "round",
              "strokeWidth": "2",
              "viewBox": "0 0 24 24",
              "width": "24",
              "xmlns": "http://www.w3.org/2000/svg",
            },
            "ref": null,
            "rendered": Array [
              Object {
                "instance": null,
                "key": undefined,
                "nodeType": "host",
                "props": Object {
                  "x1": "18",
                  "x2": "6",
                  "y1": "6",
                  "y2": "18",
                },
                "ref": null,
                "rendered": null,
                "type": "line",
              },
              Object {
                "instance": null,
                "key": undefined,
                "nodeType": "host",
                "props": Object {
                  "x1": "6",
                  "x2": "18",
                  "y1": "6",
                  "y2": "18",
                },
                "ref": null,
                "rendered": null,
                "type": "line",
              },
            ],
            "type": "svg",
          },
          "type": "button",
        },
      ],
      "type": "form",
    },
    "type": "div",
  },
  Symbol(enzyme.__nodes__): Array [
    Object {
      "instance": null,
      "key": undefined,
      "nodeType": "host",
      "props": Object {
        "children": <form
          className="new-card__form"
          onSubmit={[Function]}
>
          <textarea
                    className="new-card__desc-input"
                    name="cardName"
                    onChange={[Function]}
                    size="30"
                    value=""
          />
          <button
                    className="new-card__button button success small"
                    type="submit"
          >
                    Save
          </button>
          <button
                    className="new-card__x"
                    onClick={[Function]}
          >
                    <svg
                              className="feather feather-x"
                              fill="none"
                              height="24"
                              stroke="currentColor"
                              strokeLinecap="round"
                              strokeLinejoin="round"
                              strokeWidth="2"
                              viewBox="0 0 24 24"
                              width="24"
                              xmlns="http://www.w3.org/2000/svg"
                    >
                              <line
                                        x1="18"
                                        x2="6"
                                        y1="6"
                                        y2="18"
                              />
                              <line
                                        x1="6"
                                        x2="18"
                                        y1="6"
                                        y2="18"
                              />
                    </svg>
          </button>
</form>,
      },
      "ref": null,
      "rendered": Object {
        "instance": null,
        "key": undefined,
        "nodeType": "host",
        "props": Object {
          "children": Array [
            <textarea
              className="new-card__desc-input"
              name="cardName"
              onChange={[Function]}
              size="30"
              value=""
/>,
            <button
              className="new-card__button button success small"
              type="submit"
>
              Save
</button>,
            <button
              className="new-card__x"
              onClick={[Function]}
>
              <svg
                            className="feather feather-x"
                            fill="none"
                            height="24"
                            stroke="currentColor"
                            strokeLinecap="round"
                            strokeLinejoin="round"
                            strokeWidth="2"
                            viewBox="0 0 24 24"
                            width="24"
                            xmlns="http://www.w3.org/2000/svg"
              >
                            <line
                                          x1="18"
                                          x2="6"
                                          y1="6"
                                          y2="18"
                            />
                            <line
                                          x1="6"
                                          x2="18"
                                          y1="6"
                                          y2="18"
                            />
              </svg>
</button>,
          ],
          "className": "new-card__form",
          "onSubmit": [Function],
        },
        "ref": null,
        "rendered": Array [
          Object {
            "instance": null,
            "key": undefined,
            "nodeType": "host",
            "props": Object {
              "className": "new-card__desc-input",
              "name": "cardName",
              "onChange": [Function],
              "size": "30",
              "value": "",
            },
            "ref": null,
            "rendered": null,
            "type": "textarea",
          },
          Object {
            "instance": null,
            "key": undefined,
            "nodeType": "host",
            "props": Object {
              "children": "Save",
              "className": "new-card__button button success small",
              "type": "submit",
            },
            "ref": null,
            "rendered": "Save",
            "type": "button",
          },
          Object {
            "instance": null,
            "key": undefined,
            "nodeType": "host",
            "props": Object {
              "children": <svg
                className="feather feather-x"
                fill="none"
                height="24"
                stroke="currentColor"
                strokeLinecap="round"
                strokeLinejoin="round"
                strokeWidth="2"
                viewBox="0 0 24 24"
                width="24"
                xmlns="http://www.w3.org/2000/svg"
>
                <line
                                x1="18"
                                x2="6"
                                y1="6"
                                y2="18"
                />
                <line
                                x1="6"
                                x2="18"
                                y1="6"
                                y2="18"
                />
</svg>,
              "className": "new-card__x",
              "onClick": [Function],
            },
            "ref": null,
            "rendered": Object {
              "instance": null,
              "key": undefined,
              "nodeType": "host",
              "props": Object {
                "children": Array [
                  <line
                    x1="18"
                    x2="6"
                    y1="6"
                    y2="18"
/>,
                  <line
                    x1="6"
                    x2="18"
                    y1="6"
                    y2="18"
/>,
                ],
                "className": "feather feather-x",
                "fill": "none",
                "height": "24",
                "stroke": "currentColor",
                "strokeLinecap": "round",
                "strokeLinejoin": "round",
                "strokeWidth": "2",
                "viewBox": "0 0 24 24",
                "width": "24",
                "xmlns": "http://www.w3.org/2000/svg",
              },
              "ref": null,
              "rendered": Array [
                Object {
                  "instance": null,
                  "key": undefined,
                  "nodeType": "host",
                  "props": Object {
                    "x1": "18",
                    "x2": "6",
                    "y1": "6",
                    "y2": "18",
                  },
                  "ref": null,
                  "rendered": null,
                  "type": "line",
                },
                Object {
                  "instance": null,
                  "key": undefined,
                  "nodeType": "host",
                  "props": Object {
                    "x1": "6",
                    "x2": "18",
                    "y1": "6",
                    "y2": "18",
                  },
                  "ref": null,
                  "rendered": null,
                  "type": "line",
                },
              ],
              "type": "svg",
            },
            "type": "button",
          },
        ],
        "type": "form",
      },
      "type": "div",
    },
  ],
  Symbol(enzyme.__options__): Object {
    "adapter": ReactSixteenAdapter {
      "options": Object {
        "enableComponentDidUpdateOnSetState": true,
      },
    },
    "disableLifecycleMethods": true,
  },
}
`;
