// Jest Snapshot v1, https://goo.gl/fbAQLP

exports[`List renders correctly 1`] = `
ShallowWrapper {
  "length": 1,
  Symbol(enzyme.__root__): [Circular],
  Symbol(enzyme.__unrendered__): <List
    listTitle="Test1"
/>,
  Symbol(enzyme.__renderer__): Object {
    "batchedUpdates": [Function],
    "getNode": [Function],
    "render": [Function],
    "simulateEvent": [Function],
    "unmount": [Function],
  },
  Symbol(enzyme.__node__): Object {
    "instance": null,
    "key": undefined,
    "nodeType": "host",
    "props": Object {
      "children": Array [
        <h5>
          Test1
</h5>,
        <div>
          <button
                    className="list__new-card button small"
                    onClick={[Function]}
          >
                    Add a Card...
          </button>
</div>,
      ],
      "className": "cell small-3 small-offset-0 list",
    },
    "ref": null,
    "rendered": Array [
      Object {
        "instance": null,
        "key": undefined,
        "nodeType": "host",
        "props": Object {
          "children": "Test1",
        },
        "ref": null,
        "rendered": "Test1",
        "type": "h5",
      },
      Object {
        "instance": null,
        "key": undefined,
        "nodeType": "host",
        "props": Object {
          "children": <button
            className="list__new-card button small"
            onClick={[Function]}
>
            Add a Card...
</button>,
        },
        "ref": null,
        "rendered": Object {
          "instance": null,
          "key": undefined,
          "nodeType": "host",
          "props": Object {
            "children": "Add a Card...",
            "className": "list__new-card button small",
            "onClick": [Function],
          },
          "ref": null,
          "rendered": "Add a Card...",
          "type": "button",
        },
        "type": "div",
      },
    ],
    "type": "div",
  },
  Symbol(enzyme.__nodes__): Array [
    Object {
      "instance": null,
      "key": undefined,
      "nodeType": "host",
      "props": Object {
        "children": Array [
          <h5>
            Test1
</h5>,
          <div>
            <button
                        className="list__new-card button small"
                        onClick={[Function]}
            >
                        Add a Card...
            </button>
</div>,
        ],
        "className": "cell small-3 small-offset-0 list",
      },
      "ref": null,
      "rendered": Array [
        Object {
          "instance": null,
          "key": undefined,
          "nodeType": "host",
          "props": Object {
            "children": "Test1",
          },
          "ref": null,
          "rendered": "Test1",
          "type": "h5",
        },
        Object {
          "instance": null,
          "key": undefined,
          "nodeType": "host",
          "props": Object {
            "children": <button
              className="list__new-card button small"
              onClick={[Function]}
>
              Add a Card...
</button>,
          },
          "ref": null,
          "rendered": Object {
            "instance": null,
            "key": undefined,
            "nodeType": "host",
            "props": Object {
              "children": "Add a Card...",
              "className": "list__new-card button small",
              "onClick": [Function],
            },
            "ref": null,
            "rendered": "Add a Card...",
            "type": "button",
          },
          "type": "div",
        },
      ],
      "type": "div",
    },
  ],
  Symbol(enzyme.__options__): Object {
    "adapter": ReactSixteenAdapter {
      "options": Object {
        "enableComponentDidUpdateOnSetState": true,
      },
    },
    "disableLifecycleMethods": true,
  },
}
`;
